42
3.5
text
true
false
?
~
#field
Number
Name
Null
quote: " slash: \ tab: 	 smile: 🙂
5
20
42
Function
0
120
true
false
7
3
3.5
1
true
true
true
true
leftright
false
true
selected
fallback
~
null is false
missing is false
true
captured now
captured now
321
xx
Ada
36
~
~
true
Ada
36
36
~
Scope
2
name,age
Function
1
Null
Missing
Number
Name
42
Ada
30
3
🙂
ab
~
12.5
~
12.5
0
2
first
~
~
true
Sequence
2
false
true
true
1
~
~
[#present, #missingValue]
Dictionary
2
present,missingValue
