42
3.5
text
true
false
?
~
Number
Null
quote: " slash: \ tab: 	 smile: 🙂
5
20
5
6
5
42
Function
0
120
true
false
7
3
3.5
1
true
true
true
true
leftright
false
true
selected
fallback
~
null is false
missing is false
true
captured now
captured now
321
xx
Ada
36
~
~
true
true
true
true
Ada
36
36
~
Dictionary
named
2
age,name
Function
1
Dictionary
true
false
Function
2
120
~
Null
Missing
Number
42
Ada
30
23
123
27
true
5
5
45
3
🙂
ab
~
12.5
~
12.5
0
2
3
first
~
~
true
true
Sequence
2
false
true
true
1
~
~
[missingValue, present]
2
[missingValue, present]
true
Dictionary
2
missingValue,present
10
15
5
2
true
false
false
[positive]
7
conditional argument
